cutters_first | reference | ab {'median': 2, 'by2': 50.6, 'by3': 69.6, 'nokill12': 7.56, 'cis': 0.847, 'cis_se': 0.0038, 'deaths': 0.0769, 'deaths_se': 0.0012, 'grabs': 0.322, 'draws': 0.0, 'rider_cards': 0.0, 'rider_cards_over_hooked': 0.0}
cutters_first | reference | lg {'median': 3, 'by2': 40.6, 'by3': 61.4, 'nokill12': 13.12, 'cis': 1.4193, 'cis_se': 0.0051, 'deaths': 0.1609, 'deaths_se': 0.0021, 'grabs': 0.298, 'draws': 0.0, 'rider_cards': 0.0, 'rider_cards_over_hooked': 0.0}
cutters_first | reference | md {'median': 3, 'by2': 41.4, 'by3': 61.9, 'nokill12': 5.03, 'cis': 0.697, 'cis_se': 0.0028, 'deaths': 0.0334, 'deaths_se': 0.0007, 'grabs': 0.209, 'draws': 0.0, 'rider_cards': 0.0, 'rider_cards_over_hooked': 0.0}
cutters_first | helpers | ab {'median': 2, 'by2': 58.7, 'by3': 76.8, 'nokill12': 4.12, 'cis': 0.7932, 'cis_se': 0.0032, 'deaths': 0.0206, 'deaths_se': 0.0005, 'grabs': 0.297, 'draws': 0.0, 'rider_cards': 0.0, 'rider_cards_over_hooked': 0.0}
cutters_first | helpers | lg {'median': 3, 'by2': 48.5, 'by3': 68.3, 'nokill12': 9.4, 'cis': 1.2617, 'cis_se': 0.0049, 'deaths': 0.0207, 'deaths_se': 0.0007, 'grabs': 0.271, 'draws': 0.0, 'rider_cards': 0.0, 'rider_cards_over_hooked': 0.0}
cutters_first | helpers | md {'median': 3, 'by2': 48.7, 'by3': 68.3, 'nokill12': 2.92, 'cis': 0.6385, 'cis_se': 0.0025, 'deaths': 0.0087, 'deaths_se': 0.0003, 'grabs': 0.202, 'draws': 0.0, 'rider_cards': 0.0, 'rider_cards_over_hooked': 0.0}
cutters_first | screen | ab {'median': 2, 'by2': 56.8, 'by3': 77.6, 'nokill12': 2.18, 'cis': 0.52, 'cis_se': 0.0025, 'deaths': 0.0101, 'deaths_se': 0.0003, 'grabs': 0.183, 'draws': 0.0, 'rider_cards': 0.0, 'rider_cards_over_hooked': 0.0}
cutters_first | screen | lg {'median': 3, 'by2': 46.1, 'by3': 66.6, 'nokill12': 8.84, 'cis': 0.9011, 'cis_se': 0.004, 'deaths': 0.0108, 'deaths_se': 0.0004, 'grabs': 0.181, 'draws': 0.0, 'rider_cards': 0.0, 'rider_cards_over_hooked': 0.0}
cutters_first | screen | md {'median': 3, 'by2': 46.2, 'by3': 66.2, 'nokill12': 3.15, 'cis': 0.4279, 'cis_se': 0.0021, 'deaths': 0.0057, 'deaths_se': 0.0002, 'grabs': 0.133, 'draws': 0.0, 'rider_cards': 0.0, 'rider_cards_over_hooked': 0.0}
cutters_first | screen_pair | ab {'median': 2, 'by2': 60.6, 'by3': 81.4, 'nokill12': 1.5, 'cis': 0.4578, 'cis_se': 0.0024, 'deaths': 0.0078, 'deaths_se': 0.0003, 'grabs': 0.173, 'draws': 0.0, 'rider_cards': 0.0, 'rider_cards_over_hooked': 0.0}
cutters_first | screen_pair | lg {'median': 3, 'by2': 49.2, 'by3': 70.0, 'nokill12': 7.02, 'cis': 0.7804, 'cis_se': 0.0036, 'deaths': 0.0088, 'deaths_se': 0.0003, 'grabs': 0.168, 'draws': 0.0, 'rider_cards': 0.0, 'rider_cards_over_hooked': 0.0}
cutters_first | screen_pair | md {'median': 3, 'by2': 49.6, 'by3': 70.4, 'nokill12': 2.44, 'cis': 0.3864, 'cis_se': 0.0019, 'deaths': 0.0048, 'deaths_se': 0.0002, 'grabs': 0.124, 'draws': 0.0, 'rider_cards': 0.0, 'rider_cards_over_hooked': 0.0}
strikers_first | reference | ab {'median': 2, 'by2': 50.1, 'by3': 69.3, 'nokill12': 7.58, 'cis': 0.8537, 'cis_se': 0.0038, 'deaths': 0.0757, 'deaths_se': 0.0012, 'grabs': 0.324, 'draws': 0.0, 'rider_cards': 0.0, 'rider_cards_over_hooked': 0.0}
strikers_first | reference | lg {'median': 3, 'by2': 40.3, 'by3': 61.2, 'nokill12': 13.28, 'cis': 1.4232, 'cis_se': 0.0052, 'deaths': 0.1658, 'deaths_se': 0.0021, 'grabs': 0.3, 'draws': 0.0, 'rider_cards': 0.0, 'rider_cards_over_hooked': 0.0}
strikers_first | reference | md {'median': 3, 'by2': 41.3, 'by3': 61.8, 'nokill12': 4.9, 'cis': 0.6975, 'cis_se': 0.0028, 'deaths': 0.0335, 'deaths_se': 0.0007, 'grabs': 0.211, 'draws': 0.0, 'rider_cards': 0.0, 'rider_cards_over_hooked': 0.0}
strikers_first | helpers | ab {'median': 2, 'by2': 58.8, 'by3': 76.8, 'nokill12': 4.04, 'cis': 0.7899, 'cis_se': 0.0032, 'deaths': 0.0194, 'deaths_se': 0.0005, 'grabs': 0.295, 'draws': 0.0, 'rider_cards': 0.0, 'rider_cards_over_hooked': 0.0}
strikers_first | helpers | lg {'median': 3, 'by2': 48.6, 'by3': 68.4, 'nokill12': 9.39, 'cis': 1.2592, 'cis_se': 0.0049, 'deaths': 0.0215, 'deaths_se': 0.0007, 'grabs': 0.272, 'draws': 0.0, 'rider_cards': 0.0, 'rider_cards_over_hooked': 0.0}
strikers_first | helpers | md {'median': 3, 'by2': 48.8, 'by3': 68.5, 'nokill12': 3.04, 'cis': 0.6428, 'cis_se': 0.0025, 'deaths': 0.0086, 'deaths_se': 0.0003, 'grabs': 0.203, 'draws': 0.0, 'rider_cards': 0.0, 'rider_cards_over_hooked': 0.0}
strikers_first | screen | ab {'median': 2, 'by2': 57.2, 'by3': 77.9, 'nokill12': 2.21, 'cis': 0.5198, 'cis_se': 0.0026, 'deaths': 0.0096, 'deaths_se': 0.0003, 'grabs': 0.182, 'draws': 0.0, 'rider_cards': 0.0, 'rider_cards_over_hooked': 0.0}
strikers_first | screen | lg {'median': 3, 'by2': 46.0, 'by3': 66.4, 'nokill12': 8.99, 'cis': 0.9088, 'cis_se': 0.004, 'deaths': 0.0101, 'deaths_se': 0.0004, 'grabs': 0.183, 'draws': 0.0, 'rider_cards': 0.0, 'rider_cards_over_hooked': 0.0}
strikers_first | screen | md {'median': 3, 'by2': 46.4, 'by3': 66.5, 'nokill12': 3.12, 'cis': 0.4269, 'cis_se': 0.0021, 'deaths': 0.0055, 'deaths_se': 0.0002, 'grabs': 0.13, 'draws': 0.0, 'rider_cards': 0.0, 'rider_cards_over_hooked': 0.0}
strikers_first | screen_pair | ab {'median': 2, 'by2': 60.4, 'by3': 81.5, 'nokill12': 1.5, 'cis': 0.4535, 'cis_se': 0.0024, 'deaths': 0.008, 'deaths_se': 0.0003, 'grabs': 0.171, 'draws': 0.0, 'rider_cards': 0.0, 'rider_cards_over_hooked': 0.0}
strikers_first | screen_pair | lg {'median': 3, 'by2': 49.0, 'by3': 70.0, 'nokill12': 6.99, 'cis': 0.775, 'cis_se': 0.0036, 'deaths': 0.0092, 'deaths_se': 0.0004, 'grabs': 0.168, 'draws': 0.0, 'rider_cards': 0.0, 'rider_cards_over_hooked': 0.0}
strikers_first | screen_pair | md {'median': 3, 'by2': 49.4, 'by3': 70.1, 'nokill12': 2.53, 'cis': 0.3863, 'cis_se': 0.0019, 'deaths': 0.0049, 'deaths_se': 0.0002, 'grabs': 0.124, 'draws': 0.0, 'rider_cards': 0.0, 'rider_cards_over_hooked': 0.0}
--- the bar under 4b-1, read row against row (a positive gap is on the failing side)
cutters_first | reference: median 2 (2 to 4); cis vs Medium twin -31.8 SE; deaths vs Medium reference -31.3 SE; no kill vs Large twin -45.1 SE; deaths vs Large twin -34.7 SE
cutters_first | helpers: median 2 (2 to 4); cis vs Medium twin -38.1 SE; no kill vs Large twin -52.0 SE; deaths vs Large twin -0.1 SE
cutters_first | screen: median 2 (2 to 4); cis vs Medium twin -28.2 SE; no kill vs Large twin -72.3 SE; deaths vs Large twin -1.4 SE
cutters_first | screen_pair: median 2 (2 to 4); cis vs Medium twin -23.3 SE; no kill vs Large twin -67.4 SE; deaths vs Large twin -2.4 SE
strikers_first | reference: median 2 (2 to 4); cis vs Medium twin -33.1 SE; deaths vs Medium reference -30.4 SE; no kill vs Large twin -46.0 SE; deaths vs Large twin -37.3 SE
strikers_first | helpers: median 2 (2 to 4); cis vs Medium twin -36.2 SE; no kill vs Large twin -52.7 SE; deaths vs Large twin -2.4 SE
strikers_first | screen: median 2 (2 to 4); cis vs Medium twin -27.8 SE; no kill vs Large twin -72.9 SE; deaths vs Large twin -1.0 SE
strikers_first | screen_pair: median 2 (2 to 4); cis vs Medium twin -22.0 SE; no kill vs Large twin -67.1 SE; deaths vs Large twin -2.4 SE
