Medium, 4 PC (the reference row) | committed {'median': 3, 'by3': 61.9, 'by4': 72.3, 'cis': 0.71, 'deaths': 0.032, 'grabs': 0.21, 'devours': 0.02, 'cards_resolved_per_round': 0.854, 'hold_strikers_per_fight': 0.0, 'next_behavior_on_striker': None, 'grab_card_flags_per_fight': 0.033}
Medium, 4 PC (the reference row) | acting {'median': 3, 'by3': 62.0, 'by4': 72.9, 'cis': 0.71, 'deaths': 0.029, 'grabs': 0.215, 'devours': 0.02, 'cards_resolved_per_round': 0.855, 'hold_strikers_per_fight': 0.0, 'next_behavior_on_striker': None, 'grab_card_flags_per_fight': 0.036}
Medium, 4 PC (the reference row) | acting_grab {'median': 3, 'by3': 62.8, 'by4': 73.4, 'cis': 0.69, 'deaths': 0.03, 'grabs': 0.207, 'devours': 0.019, 'cards_resolved_per_round': 0.851, 'hold_strikers_per_fight': 0.0, 'next_behavior_on_striker': None, 'grab_card_flags_per_fight': 0.035}
Medium, 4 PC, Hook and Cut + Hamstring Line + escapes | committed {'median': 3, 'by3': 65.3, 'by4': 76.5, 'cis': 0.63, 'deaths': 0.025, 'grabs': 0.195, 'devours': 0.018, 'cards_resolved_per_round': 0.786, 'hold_strikers_per_fight': 0.146, 'next_behavior_on_striker': 0.0, 'grab_card_flags_per_fight': 0.03}
Medium, 4 PC, Hook and Cut + Hamstring Line + escapes | acting {'median': 3, 'by3': 65.3, 'by4': 75.8, 'cis': 0.62, 'deaths': 0.025, 'grabs': 0.187, 'devours': 0.017, 'cards_resolved_per_round': 0.79, 'hold_strikers_per_fight': 0.145, 'next_behavior_on_striker': 99.8, 'grab_card_flags_per_fight': 0.028}
Medium, 4 PC, Hook and Cut + Hamstring Line + escapes | acting_grab {'median': 3, 'by3': 65.7, 'by4': 76.2, 'cis': 0.64, 'deaths': 0.024, 'grabs': 0.191, 'devours': 0.017, 'cards_resolved_per_round': 0.789, 'hold_strikers_per_fight': 0.141, 'next_behavior_on_striker': 99.3, 'grab_card_flags_per_fight': 0.028}
Medium, 4 PC + 2 helpers | committed {'median': 3, 'by3': 68.6, 'by4': 79.5, 'cis': 0.66, 'deaths': 0.006, 'grabs': 0.2, 'devours': 0.004, 'cards_resolved_per_round': 0.834, 'hold_strikers_per_fight': 0.0, 'next_behavior_on_striker': None, 'grab_card_flags_per_fight': 0.019}
Medium, 4 PC + 2 helpers | acting {'median': 3, 'by3': 68.7, 'by4': 79.2, 'cis': 0.66, 'deaths': 0.006, 'grabs': 0.206, 'devours': 0.004, 'cards_resolved_per_round': 0.836, 'hold_strikers_per_fight': 0.0, 'next_behavior_on_striker': None, 'grab_card_flags_per_fight': 0.021}
Medium, 4 PC + 2 helpers | acting_grab {'median': 2, 'by3': 70.1, 'by4': 80.1, 'cis': 0.64, 'deaths': 0.006, 'grabs': 0.194, 'devours': 0.004, 'cards_resolved_per_round': 0.833, 'hold_strikers_per_fight': 0.0, 'next_behavior_on_striker': None, 'grab_card_flags_per_fight': 0.018}
Medium, 4 PC + 2 screen beside holder | committed {'median': 3, 'by3': 67.2, 'by4': 77.8, 'cis': 0.46, 'deaths': 0.004, 'grabs': 0.147, 'devours': 0.002, 'cards_resolved_per_round': 0.627, 'hold_strikers_per_fight': 0.263, 'next_behavior_on_striker': 0.3, 'grab_card_flags_per_fight': 0.011}
Medium, 4 PC + 2 screen beside holder | acting {'median': 3, 'by3': 66.6, 'by4': 77.4, 'cis': 0.43, 'deaths': 0.004, 'grabs': 0.128, 'devours': 0.002, 'cards_resolved_per_round': 0.63, 'hold_strikers_per_fight': 0.259, 'next_behavior_on_striker': 99.8, 'grab_card_flags_per_fight': 0.012}
Medium, 4 PC + 2 screen beside holder | acting_grab {'median': 3, 'by3': 66.6, 'by4': 77.2, 'cis': 0.43, 'deaths': 0.004, 'grabs': 0.131, 'devours': 0.002, 'cards_resolved_per_round': 0.631, 'hold_strikers_per_fight': 0.275, 'next_behavior_on_striker': 99.6, 'grab_card_flags_per_fight': 0.012}
Medium, screen + Hook and Cut + Hamstring Line + escapes | committed {'median': 3, 'by3': 70.7, 'by4': 81.5, 'cis': 0.41, 'deaths': 0.002, 'grabs': 0.133, 'devours': 0.001, 'cards_resolved_per_round': 0.588, 'hold_strikers_per_fight': 0.282, 'next_behavior_on_striker': 0.2, 'grab_card_flags_per_fight': 0.012}
Medium, screen + Hook and Cut + Hamstring Line + escapes | acting {'median': 2, 'by3': 70.2, 'by4': 80.4, 'cis': 0.39, 'deaths': 0.003, 'grabs': 0.119, 'devours': 0.002, 'cards_resolved_per_round': 0.589, 'hold_strikers_per_fight': 0.289, 'next_behavior_on_striker': 98.9, 'grab_card_flags_per_fight': 0.011}
Medium, screen + Hook and Cut + Hamstring Line + escapes | acting_grab {'median': 3, 'by3': 69.3, 'by4': 79.4, 'cis': 0.4, 'deaths': 0.004, 'grabs': 0.119, 'devours': 0.003, 'cards_resolved_per_round': 0.59, 'hold_strikers_per_fight': 0.302, 'next_behavior_on_striker': 99.1, 'grab_card_flags_per_fight': 0.01}
Small (Tempo 2), screen + Hook and Cut + Hamstring Line + escapes | committed {'median': 2, 'by3': 89.2, 'by4': 95.9, 'cis': 0.51, 'deaths': 0.004, 'grabs': 0.154, 'devours': 0.003, 'cards_resolved_per_round': 1.072, 'hold_strikers_per_fight': 0.097, 'next_behavior_on_striker': 0.5, 'grab_card_flags_per_fight': 0.027}
Small (Tempo 2), screen + Hook and Cut + Hamstring Line + escapes | acting {'median': 2, 'by3': 87.9, 'by4': 95.0, 'cis': 0.51, 'deaths': 0.003, 'grabs': 0.152, 'devours': 0.002, 'cards_resolved_per_round': 1.076, 'hold_strikers_per_fight': 0.104, 'next_behavior_on_striker': 99.4, 'grab_card_flags_per_fight': 0.034}
Small (Tempo 2), screen + Hook and Cut + Hamstring Line + escapes | acting_grab {'median': 2, 'by3': 87.9, 'by4': 95.0, 'cis': 0.5, 'deaths': 0.003, 'grabs': 0.151, 'devours': 0.002, 'cards_resolved_per_round': 1.072, 'hold_strikers_per_fight': 0.102, 'next_behavior_on_striker': 99.6, 'grab_card_flags_per_fight': 0.028}
Large, 4 PC | committed {'median': 3, 'by3': 60.8, 'by4': 72.9, 'cis': 1.4, 'deaths': 0.183, 'grabs': 0.306, 'devours': 0.051, 'cards_resolved_per_round': 0.86, 'hold_strikers_per_fight': 0.0, 'next_behavior_on_striker': None, 'grab_card_flags_per_fight': 0.043}
Large, 4 PC | acting {'median': 3, 'by3': 61.2, 'by4': 72.6, 'cis': 1.4, 'deaths': 0.193, 'grabs': 0.309, 'devours': 0.053, 'cards_resolved_per_round': 0.86, 'hold_strikers_per_fight': 0.0, 'next_behavior_on_striker': None, 'grab_card_flags_per_fight': 0.043}
Large, 4 PC | acting_grab {'median': 3, 'by3': 62.1, 'by4': 73.3, 'cis': 1.37, 'deaths': 0.178, 'grabs': 0.303, 'devours': 0.05, 'cards_resolved_per_round': 0.859, 'hold_strikers_per_fight': 0.0, 'next_behavior_on_striker': None, 'grab_card_flags_per_fight': 0.042}
