Gear Die faces when a Pushed roll is final

rule                              P(shows 1, wears)  P(shows 6, success)
before batch 11, never re-rolled              16.7%                16.7%
A re-roll 2-5, keep 6, lock 1                 27.8%                27.8%
B re-roll all but 6                           13.9%                30.6%

Blade Set ruined by one Pushed strike (issued rating 1, so one point ruins it)

rule                              per Pushed strike  Pushed strikes per ruin
before batch 11, never re-rolled              16.7%                     6.00
A re-roll 2-5, keep 6, lock 1                 27.8%                     3.60
B re-roll all but 6                           13.9%                     7.20

Jam test proxy: 3 Pushed dodges, ODM Gear Dice each time.
Bar is no more than 33.3%; the worst cell measured today is 28.3%.

rule                               ODM Gear 2   ODM Gear 3
before batch 11, never re-rolled       26.3%        17.8% 
A re-roll 2-5, keep 6, lock 1          53.1%!       47.7%!
B re-roll all but 6                    19.8%        11.8% 

The same test with wear capped at 1 point per Pushed roll (batch 11's package)

rule                               ODM Gear 2   ODM Gear 3
before batch 11, never re-rolled       22.3%         7.5% 
A re-roll 2-5, keep 6, lock 1          46.8%!       24.2% 
B re-roll all but 6                    16.6%         4.7% 

Average wear a Pushed roll deals, with the cap of 1 point (batch 11's package)

rule                               rating 1   rating 2   rating 3
before batch 11, never re-rolled      0.167      0.306      0.421
A re-roll 2-5, keep 6, lock 1         0.278      0.478      0.623
B re-roll all but 6                   0.139      0.258      0.361

Gear Dice added to a Pushed roll's successes (ODM Gear 2)

rule                               E[successes from gear]
before batch 11, never re-rolled                    0.333
A re-roll 2-5, keep 6, lock 1                       0.556
B re-roll all but 6                                 0.611

Issued ODM Gear rating by Funding (data/gear/standard-issue.yaml): [1, 1, 3, 3, 3, 3]
Gear Die faces a Push re-rolls: [2, 3, 4, 5]
